// Vitest Snapshot v1, https://vitest.dev/guide/snapshot.html

exports[`diagram > draws the whole causal core it selected 1`] = `
{
  "edges": [
    {
      "id": "wait-causes-illegal-immig",
      "scores": [
        6,
        2,
        null,
      ],
      "sourceId": "long-wait",
      "targetId": "illegal-immig",
      "type": "causes",
      "via": [],
      "weight": 0.5,
    },
    {
      "id": "admin-burden--causes--long-wait",
      "scores": [
        7,
        null,
        8,
      ],
      "sourceId": "admin-burden",
      "targetId": "long-wait",
      "type": "causes",
      "via": [],
      "weight": 0.9375,
    },
    {
      "id": "legal-immig--causes--illegal-immig",
      "scores": [
        3,
        7,
        1,
      ],
      "sourceId": "legal-immig",
      "targetId": "illegal-immig",
      "type": "reduces",
      "via": [],
      "weight": -0.4583333333333333,
    },
    {
      "id": "long-wait--causes--legal-immig",
      "scores": [
        6,
        8,
        null,
      ],
      "sourceId": "long-wait",
      "targetId": "legal-immig",
      "type": "impedes",
      "via": [],
      "weight": -0.875,
    },
    {
      "id": "save-money--causes--illegal-immig",
      "scores": [
        4,
        null,
        7,
      ],
      "sourceId": "save-money",
      "targetId": "illegal-immig",
      "type": "causes",
      "via": [],
      "weight": 0.6875,
    },
    {
      "id": "danger--causes--illegal-immig",
      "scores": [
        7,
        8,
        3,
      ],
      "sourceId": "danger",
      "targetId": "illegal-immig",
      "type": "causes",
      "via": [],
      "weight": 0.75,
    },
    {
      "id": "wall-reduces",
      "scores": [
        3,
        -5,
        8,
      ],
      "sourceId": "wall",
      "targetId": "illegal-immig",
      "type": "reduces",
      "via": [],
      "weight": -0.25,
    },
    {
      "id": "more-admin--causes--long-wait",
      "scores": [
        7,
        8,
        null,
      ],
      "sourceId": "more-admin",
      "targetId": "long-wait",
      "type": "reduces",
      "via": [],
      "weight": -0.9375,
    },
    {
      "id": "fewer-requirements--causes--admin-burden",
      "scores": [
        6,
        7,
        null,
      ],
      "sourceId": "fewer-requirements",
      "targetId": "admin-burden",
      "type": "reduces",
      "via": [],
      "weight": -0.8125,
    },
    {
      "id": "wall--causes--wall-cost",
      "scores": [
        8,
        8,
        8,
      ],
      "sourceId": "wall",
      "targetId": "wall-cost",
      "type": "causes",
      "via": [],
      "weight": 1,
    },
  ],
  "nodeIds": [
    "wall",
    "illegal-immig",
    "danger",
    "wall-cost",
    "legal-immig",
    "more-admin",
    "long-wait",
    "admin-burden",
    "fewer-requirements",
    "save-money",
  ],
}
`;
