// Vitest Snapshot v1, https://vitest.dev/guide/snapshot.html

exports[`parse: the build-a-wall example > produces the same model it did last time 1`] = `
{
  "edges": [
    {
      "id": "wait-causes-illegal-immig",
      "notes": [],
      "scores": [
        6,
        2,
        null,
      ],
      "sourceId": "long-wait",
      "targetId": "illegal-immig",
      "type": "causes",
    },
    {
      "id": "admin-burden--causes--long-wait",
      "notes": [],
      "scores": [
        7,
        null,
        8,
      ],
      "sourceId": "admin-burden",
      "targetId": "long-wait",
      "type": "causes",
    },
    {
      "id": "legal-immig--causes--illegal-immig",
      "notes": [],
      "scores": [
        3,
        7,
        1,
      ],
      "sourceId": "legal-immig",
      "targetId": "illegal-immig",
      "type": "reduces",
    },
    {
      "id": "long-wait--causes--legal-immig",
      "notes": [],
      "scores": [
        6,
        8,
        null,
      ],
      "sourceId": "long-wait",
      "targetId": "legal-immig",
      "type": "impedes",
    },
    {
      "id": "motivations--categorizes--save-money",
      "notes": [],
      "scores": null,
      "sourceId": "motivations",
      "targetId": "save-money",
      "type": "categorizes",
    },
    {
      "id": "save-money--causes--illegal-immig",
      "notes": [],
      "scores": [
        4,
        null,
        7,
      ],
      "sourceId": "save-money",
      "targetId": "illegal-immig",
      "type": "causes",
    },
    {
      "id": "motivations--categorizes--disappear",
      "notes": [],
      "scores": null,
      "sourceId": "motivations",
      "targetId": "disappear",
      "type": "categorizes",
    },
    {
      "id": "disappear--causes--illegal-immig",
      "notes": [],
      "scores": [
        2,
        null,
        6,
      ],
      "sourceId": "disappear",
      "targetId": "illegal-immig",
      "type": "causes",
    },
    {
      "id": "motivations--categorizes--danger",
      "notes": [],
      "scores": null,
      "sourceId": "motivations",
      "targetId": "danger",
      "type": "categorizes",
    },
    {
      "id": "danger--causes--illegal-immig",
      "notes": [],
      "scores": [
        7,
        8,
        3,
      ],
      "sourceId": "danger",
      "targetId": "illegal-immig",
      "type": "causes",
    },
    {
      "id": "wall-reduces",
      "notes": [],
      "scores": [
        3,
        -5,
        8,
      ],
      "sourceId": "wall",
      "targetId": "illegal-immig",
      "type": "reduces",
    },
    {
      "id": "wall--has--barbed-wire",
      "notes": [],
      "scores": null,
      "sourceId": "wall",
      "targetId": "barbed-wire",
      "type": "has",
    },
    {
      "id": "how-tall--clarifies--wall",
      "notes": [],
      "scores": null,
      "sourceId": "how-tall",
      "targetId": "wall",
      "type": "clarifies",
    },
    {
      "id": "more-admin--causes--long-wait",
      "notes": [],
      "scores": [
        7,
        8,
        null,
      ],
      "sourceId": "more-admin",
      "targetId": "long-wait",
      "type": "reduces",
    },
    {
      "id": "fewer-requirements--causes--admin-burden",
      "notes": [],
      "scores": [
        6,
        7,
        null,
      ],
      "sourceId": "fewer-requirements",
      "targetId": "admin-burden",
      "type": "reduces",
    },
    {
      "id": "why-wall--guides--wall",
      "notes": [],
      "scores": [
        8,
        6,
        8,
      ],
      "sourceId": "why-wall",
      "targetId": "wall",
      "type": "guides",
    },
    {
      "id": "best-ways--guides--illegal-immig",
      "notes": [],
      "scores": [
        7,
        5,
        8,
      ],
      "sourceId": "best-ways",
      "targetId": "illegal-immig",
      "type": "guides",
    },
    {
      "id": "why-immigrate--guides--best-ways",
      "notes": [],
      "scores": [
        6,
        8,
        1,
      ],
      "sourceId": "why-immigrate",
      "targetId": "best-ways",
      "type": "guides",
    },
    {
      "id": "how-enter--clarifies--wall-reduces--implied",
      "notes": [],
      "scores": [
        6,
        null,
        3,
      ],
      "sourceId": "how-enter",
      "targetId": "wall-reduces--implied",
      "type": "clarifies",
    },
    {
      "id": "enter-on-foot--answers--how-enter",
      "notes": [],
      "scores": [
        7,
        null,
        6,
      ],
      "sourceId": "enter-on-foot",
      "targetId": "how-enter",
      "type": "answers",
    },
    {
      "id": "visa-overstay--answers--how-enter",
      "notes": [],
      "scores": [
        7,
        8,
        null,
      ],
      "sourceId": "visa-overstay",
      "targetId": "how-enter",
      "type": "answers",
    },
    {
      "id": "inexpensive--criterion-for--best-ways",
      "notes": [],
      "scores": null,
      "sourceId": "inexpensive",
      "targetId": "best-ways",
      "type": "criterion for",
    },
    {
      "id": "more-admin--fulfills--inexpensive",
      "notes": [],
      "scores": [
        -3,
        -4,
        null,
      ],
      "sourceId": "more-admin",
      "targetId": "inexpensive",
      "type": "fulfills",
    },
    {
      "id": "fewer-requirements--fulfills--inexpensive",
      "notes": [],
      "scores": [
        7,
        null,
        6,
      ],
      "sourceId": "fewer-requirements",
      "targetId": "inexpensive",
      "type": "fulfills",
    },
    {
      "id": "wall-cost--fulfills--inexpensive",
      "notes": [],
      "scores": [
        -7,
        -8,
        -2,
      ],
      "sourceId": "wall-cost",
      "targetId": "inexpensive",
      "type": "fulfills",
    },
    {
      "id": "wall--causes--wall-cost",
      "notes": [],
      "scores": [
        8,
        8,
        8,
      ],
      "sourceId": "wall",
      "targetId": "wall-cost",
      "type": "causes",
    },
    {
      "id": "quick--criterion-for--best-ways",
      "notes": [],
      "scores": null,
      "sourceId": "quick",
      "targetId": "best-ways",
      "type": "criterion for",
    },
    {
      "id": "humane--criterion-for--best-ways",
      "notes": [],
      "scores": null,
      "sourceId": "humane",
      "targetId": "best-ways",
      "type": "criterion for",
    },
    {
      "id": "still-immigrate--supports--wait-causes-illegal-immig--implied",
      "notes": [],
      "scores": [
        -4,
        null,
        -6,
      ],
      "sourceId": "still-immigrate",
      "targetId": "wait-causes-illegal-immig--implied",
      "type": "supports",
    },
    {
      "id": "physical-barrier--supports--wall-reduces--implied",
      "notes": [],
      "scores": [
        7,
        null,
        8,
      ],
      "sourceId": "physical-barrier",
      "targetId": "wall-reduces--implied",
      "type": "supports",
    },
    {
      "id": "caging-effect--supports--wall-reduces--implied",
      "notes": [],
      "scores": [
        null,
        -7,
        -3,
      ],
      "sourceId": "caging-effect",
      "targetId": "wall-reduces--implied",
      "type": "supports",
    },
    {
      "id": "costly-recrossing--supports--caging-effect",
      "notes": [],
      "scores": [
        null,
        7,
        4,
      ],
      "sourceId": "costly-recrossing",
      "targetId": "caging-effect",
      "type": "supports",
    },
    {
      "id": "climb-over--supports--wall-reduces--implied",
      "notes": [],
      "scores": [
        -6,
        -8,
        null,
      ],
      "sourceId": "climb-over",
      "targetId": "wall-reduces--implied",
      "type": "supports",
    },
    {
      "id": "easy-climb--supports--climb-over",
      "notes": [],
      "scores": [
        5,
        7,
        null,
      ],
      "sourceId": "easy-climb",
      "targetId": "climb-over",
      "type": "supports",
    },
    {
      "id": "unclimbable--supports--climb-over",
      "notes": [],
      "scores": [
        -4,
        null,
        -8,
      ],
      "sourceId": "unclimbable",
      "targetId": "climb-over",
      "type": "supports",
    },
    {
      "id": "visa-overstay--supports--wall-reduces--implied",
      "notes": [],
      "scores": [
        -5,
        -8,
        null,
      ],
      "sourceId": "visa-overstay",
      "targetId": "wall-reduces--implied",
      "type": "supports",
    },
    {
      "id": "fleeing-danger--supports--illegal-immig--implied",
      "notes": [],
      "scores": [
        5,
        8,
        null,
      ],
      "sourceId": "fleeing-danger",
      "targetId": "illegal-immig--implied",
      "type": "supports",
    },
    {
      "id": "murder-supports-worse-score",
      "notes": [],
      "scores": [
        -4,
        null,
        -8,
      ],
      "sourceId": "baby-murder",
      "targetId": "illegal-immig--implied",
      "type": "supports",
    },
    {
      "id": "texas-stat--supports--murder-supports-worse-score--implied",
      "notes": [],
      "scores": [
        -7,
        null,
        -3,
      ],
      "sourceId": "texas-stat",
      "targetId": "murder-supports-worse-score--implied",
      "type": "supports",
    },
    {
      "id": "house-doc--mentions--texas-stat",
      "notes": [],
      "scores": [
        8,
        null,
        null,
      ],
      "sourceId": "house-doc",
      "targetId": "texas-stat",
      "type": "mentions",
    },
  ],
  "nodes": [
    {
      "id": "illegal-immig",
      "notes": [],
      "properties": {},
      "scores": [
        -4,
        0,
        -8,
      ],
      "tags": [],
      "text": "Illegal immigration into the US",
      "type": "concept",
    },
    {
      "id": "long-wait",
      "notes": [],
      "properties": {},
      "scores": [
        -6,
        -3,
        -7,
      ],
      "tags": [],
      "text": "Long legal processing times",
      "type": "concept",
    },
    {
      "id": "admin-burden",
      "notes": [],
      "properties": {},
      "scores": [
        -5,
        null,
        -6,
      ],
      "tags": [],
      "text": "Administrative burden of enforcing immigration requirements",
      "type": "concept",
    },
    {
      "id": "legal-immig",
      "notes": [],
      "properties": {},
      "scores": [
        7,
        8,
        2,
      ],
      "tags": [],
      "text": "Legal immigration into the US",
      "type": "concept",
    },
    {
      "id": "motivations",
      "notes": [],
      "properties": {},
      "scores": [
        0,
        null,
        null,
      ],
      "tags": [],
      "text": "Motivations to immigrate illegally",
      "type": "concept",
    },
    {
      "id": "save-money",
      "notes": [],
      "properties": {},
      "scores": [
        -2,
        null,
        -5,
      ],
      "tags": [],
      "text": "Saving money by skipping the legal process",
      "type": "concept",
    },
    {
      "id": "disappear",
      "notes": [],
      "properties": {},
      "scores": [
        -3,
        null,
        null,
      ],
      "tags": [],
      "text": "Wanting to "disappear" (avoid government records)",
      "type": "concept",
    },
    {
      "id": "danger",
      "notes": [],
      "properties": {},
      "scores": [
        -8,
        -8,
        -6,
      ],
      "tags": [],
      "text": "Danger in home countries",
      "type": "concept",
    },
    {
      "id": "wall",
      "notes": [],
      "properties": {
        "description": "Should the US build a wall along its southern border to reduce illegal immigration? We're weighing what the wall would cost against how much it would reduce illegal immigration.",
      },
      "scores": [
        2,
        -7,
        8,
      ],
      "tags": [
        "topic",
        "action",
      ],
      "text": "Border wall along the southern US border",
      "type": "concept",
    },
    {
      "id": "barbed-wire",
      "notes": [],
      "properties": {},
      "scores": null,
      "tags": [],
      "text": "Barbed wire along the top",
      "type": "concept",
    },
    {
      "id": "how-tall",
      "notes": [],
      "properties": {},
      "scores": null,
      "tags": [],
      "text": "How tall is the proposed wall design?",
      "type": "question",
    },
    {
      "id": "more-admin",
      "notes": [],
      "properties": {},
      "scores": [
        5,
        8,
        2,
      ],
      "tags": [
        "action",
      ],
      "text": "Increased administrative resources for processing immigration",
      "type": "concept",
    },
    {
      "id": "fewer-requirements",
      "notes": [
        {
          "id": "note-ambiguous-it-wasn-t-stated-which-require",
          "text": "ambiguous: it wasn't stated which requirements would be reduced",
        },
      ],
      "properties": {},
      "scores": [
        3,
        7,
        -4,
      ],
      "tags": [
        "action",
      ],
      "text": "Reduced immigration requirements",
      "type": "concept",
    },
    {
      "id": "why-wall",
      "notes": [],
      "properties": {},
      "scores": null,
      "tags": [],
      "text": "Why might we want the wall?",
      "type": "question",
    },
    {
      "id": "best-ways",
      "notes": [],
      "properties": {},
      "scores": null,
      "tags": [],
      "text": "What are the most effective ways to reduce illegal immigration?",
      "type": "question",
    },
    {
      "id": "why-immigrate",
      "notes": [],
      "properties": {},
      "scores": null,
      "tags": [],
      "text": "Why do people immigrate illegally?",
      "type": "question",
    },
    {
      "id": "how-enter",
      "notes": [],
      "properties": {},
      "scores": null,
      "tags": [],
      "text": "How do most people illegally enter the US?",
      "type": "question",
    },
    {
      "id": "enter-on-foot",
      "notes": [],
      "properties": {},
      "scores": [
        3,
        1,
        8,
      ],
      "tags": [],
      "text": "Most enter by crossing the border on foot between ports of entry",
      "type": "claim",
    },
    {
      "id": "visa-overstay",
      "notes": [],
      "properties": {},
      "scores": [
        7,
        8,
        1,
      ],
      "tags": [],
      "text": "Most enter legally and overstay visas",
      "type": "claim",
    },
    {
      "id": "inexpensive",
      "notes": [],
      "properties": {},
      "scores": [
        7,
        8,
        2,
      ],
      "tags": [],
      "text": "Inexpensive",
      "type": "concept",
    },
    {
      "id": "wall-cost",
      "notes": [],
      "properties": {},
      "scores": [
        -2,
        -4,
        null,
      ],
      "tags": [],
      "text": "Billions of dollars of construction and maintenance spending",
      "type": "concept",
    },
    {
      "id": "quick",
      "notes": [],
      "properties": {},
      "scores": [
        5,
        3,
        8,
      ],
      "tags": [],
      "text": "Quick to implement",
      "type": "concept",
    },
    {
      "id": "humane",
      "notes": [],
      "properties": {},
      "scores": [
        8,
        8,
        3,
      ],
      "tags": [],
      "text": "Humane treatment of immigrants",
      "type": "concept",
    },
    {
      "id": "still-immigrate",
      "notes": [],
      "properties": {},
      "scores": [
        6,
        null,
        8,
      ],
      "tags": [],
      "text": "Even with instant processing, people would still immigrate illegally to save money or "disappear"",
      "type": "claim",
    },
    {
      "id": "physical-barrier",
      "notes": [],
      "properties": {
        "opposite": "A wall physically _aids_ crossings without needing continuous surveillance",
      },
      "scores": [
        8,
        null,
        8,
      ],
      "tags": [],
      "text": "A wall physically stops crossings without needing continuous surveillance",
      "type": "claim",
    },
    {
      "id": "caging-effect",
      "notes": [],
      "properties": {},
      "scores": [
        2,
        7,
        1,
      ],
      "tags": [],
      "text": "Hardened borders trap circular migrants who used to return home",
      "type": "claim",
    },
    {
      "id": "costly-recrossing",
      "notes": [],
      "properties": {},
      "scores": [
        3,
        8,
        2,
      ],
      "tags": [],
      "text": "Re-crossing a hardened border is costly and dangerous, so seasonal migrants stay and bring their families over",
      "type": "claim",
    },
    {
      "id": "climb-over",
      "notes": [],
      "properties": {},
      "scores": [
        6,
        8,
        1,
      ],
      "tags": [],
      "text": "People will find a way over the barrier",
      "type": "claim",
    },
    {
      "id": "easy-climb",
      "notes": [],
      "properties": {},
      "scores": [
        8,
        8,
        null,
      ],
      "tags": [],
      "text": "It's easy to climb a fence",
      "type": "claim",
    },
    {
      "id": "unclimbable",
      "notes": [],
      "properties": {},
      "scores": [
        5,
        null,
        8,
      ],
      "tags": [],
      "text": "The wall design is tall, without handholds, and topped with barbed wire",
      "type": "claim",
    },
    {
      "id": "fleeing-danger",
      "notes": [],
      "properties": {},
      "scores": [
        7,
        8,
        2,
      ],
      "tags": [],
      "text": "Most people who immigrate illegally are protecting themselves from danger",
      "type": "claim",
    },
    {
      "id": "baby-murder",
      "notes": [],
      "properties": {},
      "scores": [
        3,
        null,
        8,
      ],
      "tags": [
        "anecdote",
      ],
      "text": "An illegal immigrant murdered a baby in cold blood last year",
      "type": "claim",
    },
    {
      "id": "texas-stat",
      "notes": [
        {
          "id": "note-rates-vary-by-year-and-state-texas-is-us",
          "text": "rates vary by year and state; Texas is used because it tracks immigration status in arrest data",
        },
      ],
      "properties": {},
      "scores": [
        8,
        null,
        4,
      ],
      "tags": [
        "statistic",
      ],
      "text": "In Texas 2012-2018, illegal immigrants were arrested for violent crimes at half the rate of native-born citizens",
      "type": "claim",
    },
    {
      "id": "house-doc",
      "notes": [],
      "properties": {},
      "scores": null,
      "tags": [],
      "text": "House Judiciary hearing document, Jan 2025 (docs.house.gov)",
      "type": "source",
    },
    {
      "id": "wall-reduces--implied",
      "impliedForId": "wall-reduces",
      "notes": [],
      "properties": {},
      "scores": null,
      "tags": [],
      "text": "",
      "type": "claim",
    },
    {
      "id": "wait-causes-illegal-immig--implied",
      "impliedForId": "wait-causes-illegal-immig",
      "notes": [],
      "properties": {},
      "scores": null,
      "tags": [],
      "text": "",
      "type": "claim",
    },
    {
      "id": "illegal-immig--implied",
      "impliedForId": "illegal-immig",
      "notes": [],
      "properties": {},
      "scores": null,
      "tags": [],
      "text": "",
      "type": "claim",
    },
    {
      "id": "murder-supports-worse-score--implied",
      "impliedForId": "murder-supports-worse-score",
      "notes": [],
      "properties": {},
      "scores": null,
      "tags": [],
      "text": "",
      "type": "claim",
    },
  ],
  "notes": [],
  "perspectives": [
    "alice",
    "bob",
    "casey",
  ],
}
`;
