// Vitest Snapshot v1, https://vitest.dev/guide/snapshot.html

exports[`parse > matches the parsed-model snapshot for the build-a-wall example 1`] = `
{
  "claims": [
    {
      "id": "wall",
      "notes": [],
      "scores": [
        4,
        1,
        8,
      ],
      "text": "The US should build a wall along its southern border",
    },
    {
      "id": "wall-reduces",
      "notes": [],
      "scores": [
        5,
        2,
        8,
      ],
      "text": "A border wall would substantially reduce illegal immigration",
    },
    {
      "id": "physical-barrier",
      "notes": [],
      "scores": [
        8,
        7,
        8,
      ],
      "text": "A wall physically stops crossings without needing continuous surveillance",
    },
    {
      "id": "climb-over",
      "notes": [],
      "scores": [
        6,
        8,
        2,
      ],
      "text": "People will find a way over the barrier",
    },
    {
      "id": "easy-climb",
      "notes": [],
      "scores": [
        8,
        8,
        8,
      ],
      "text": "It's easy to climb a chain-link fence",
    },
    {
      "id": "visa-overstay",
      "notes": [],
      "scores": [
        7,
        8,
        1,
      ],
      "text": "Most illegal immigrants enter legally and overstay visas, so they never cross the border",
    },
    {
      "id": "wall-cost",
      "notes": [],
      "scores": [
        7,
        8,
        6,
      ],
      "text": "The wall would cost tens of billions to build and maintain",
    },
    {
      "id": "material-prices",
      "notes": [],
      "scores": null,
      "text": "Concrete and steel prices rose sharply over the last decade",
    },
    {
      "id": "little-harm",
      "notes": [],
      "scores": [
        3,
        8,
        0,
      ],
      "text": "Illegal immigration causes little net harm",
    },
    {
      "id": "crime-stat",
      "notes": [
        {
          "id": "t1",
          "text": "rates vary by year and state; this is a national average",
        },
      ],
      "scores": [
        6,
        7,
        5,
      ],
      "text": "Illegal immigrants are arrested for violent crimes at lower rates than native-born citizens",
    },
    {
      "id": "unclimbable",
      "notes": [],
      "scores": [
        6,
        null,
        8,
      ],
      "text": "The proposed design is 30 feet tall, without handholds, and topped with barbed wire",
    },
    {
      "id": "more-judges",
      "notes": [],
      "scores": [
        6,
        7,
        3,
      ],
      "text": "Hiring more immigration judges would cut illegal immigration more cheaply than a wall",
    },
  ],
  "description": "Discussing how worthwhile it is to build a wall along the US's southern border.",
  "edges": [
    {
      "id": "reduction-supports-wall",
      "notes": [],
      "scores": [
        8,
        2,
        8,
      ],
      "sourceId": "wall-reduces",
      "targetId": "wall",
      "type": "supports",
    },
    {
      "id": "barrier-supports-reduction",
      "notes": [],
      "scores": [
        8,
        3,
        8,
      ],
      "sourceId": "physical-barrier",
      "targetId": "wall-reduces",
      "type": "supports",
    },
    {
      "id": "l1",
      "notes": [],
      "scores": [
        7,
        8,
        6,
      ],
      "sourceId": "climb-over",
      "targetId": "wall-reduces",
      "type": "critiques",
    },
    {
      "id": "climb-easy-supports",
      "notes": [],
      "scores": [
        8,
        8,
        2,
      ],
      "sourceId": "easy-climb",
      "targetId": "climb-over",
      "type": "supports",
    },
    {
      "id": "l2",
      "notes": [],
      "scores": [
        7,
        7,
        8,
      ],
      "sourceId": "visa-overstay",
      "targetId": "wall-reduces",
      "type": "critiques",
    },
    {
      "id": "cost-critiques-wall",
      "notes": [],
      "scores": [
        7,
        8,
        4,
      ],
      "sourceId": "wall-cost",
      "targetId": "wall",
      "type": "critiques",
    },
    {
      "id": "l3",
      "notes": [],
      "scores": null,
      "sourceId": "material-prices",
      "targetId": "wall-cost",
      "type": "supports",
    },
    {
      "id": "l4",
      "notes": [],
      "scores": [
        6,
        8,
        2,
      ],
      "sourceId": "little-harm",
      "targetId": "reduction-supports-wall",
      "type": "critiques",
    },
    {
      "id": "l5",
      "notes": [],
      "scores": [
        5,
        7,
        1,
      ],
      "sourceId": "crime-stat",
      "targetId": "little-harm",
      "type": "supports",
    },
    {
      "id": "l6",
      "notes": [],
      "scores": [
        7,
        6,
        8,
      ],
      "sourceId": "unclimbable",
      "targetId": "climb-easy-supports",
      "type": "critiques",
    },
    {
      "id": "l7",
      "notes": [],
      "scores": [
        6,
        7,
        2,
      ],
      "sourceId": "more-judges",
      "targetId": "wall",
      "type": "critiques",
    },
    {
      "id": "l8",
      "notes": [],
      "scores": [
        6,
        7,
        4,
      ],
      "sourceId": "wall-cost",
      "targetId": "more-judges",
      "type": "supports",
    },
  ],
  "notes": [],
  "perspectives": [
    "alice",
    "bob",
    "casey",
  ],
  "sourceLines": {
    "_topic": [
      1,
      2,
    ],
    "barrier-supports-reduction": [
      10,
    ],
    "climb-easy-supports": [
      14,
    ],
    "climb-over": [
      13,
    ],
    "cost-critiques-wall": [
      18,
    ],
    "crime-stat": [
      32,
    ],
    "easy-climb": [
      15,
    ],
    "l1": [
      12,
    ],
    "l2": [
      16,
    ],
    "l3": [
      20,
    ],
    "l4": [
      29,
    ],
    "l5": [
      31,
    ],
    "l6": [
      38,
    ],
    "l7": [
      45,
    ],
    "l8": [
      47,
    ],
    "little-harm": [
      30,
    ],
    "material-prices": [
      21,
    ],
    "more-judges": [
      44,
    ],
    "physical-barrier": [
      11,
    ],
    "reduction-supports-wall": [
      8,
    ],
    "t1": [
      33,
    ],
    "unclimbable": [
      39,
    ],
    "visa-overstay": [
      17,
    ],
    "wall": [
      7,
    ],
    "wall-cost": [
      19,
    ],
    "wall-reduces": [
      9,
    ],
  },
}
`;
